// Jest Snapshot v1, https://goo.gl/fbAQLP

exports[`Filter Filter - Default 1`] = `
<div
  className="sdc-filter "
>
  Filter
</div>
`;
