// Jest Snapshot v1, https://goo.gl/fbAQLP

exports[`Modal alert modal 1`] = `"<div><div class=\\"sdc-modal sm\\"><div class=\\"sdc-modal__wrapper sdc-modal-type-alert\\"><div class=\\"sdc-alert__header sdc-modal__header\\"><div class=\\"svg-icon-wrapper sdc-modal__icon sdc-modal__svg-use   bottom\\"><svg></svg></div><div class=\\"title \\">Title</div><div class=\\"svg-icon-wrapper sdc-modal__close-button-svg sdc-modal__close-button   bottom\\"><svg></svg></div></div><div class=\\"sdc-modal__content \\">Message</div><div class=\\"sdc-modal__footer\\"><div><button class=\\"sdc-button sdc-button__primary   \\">Ok</button></div></div></div></div><div class=\\"modal-background\\"></div></div>"`;

exports[`Modal custom modal 1`] = `"<div><div class=\\"sdc-modal md\\"><div class=\\"sdc-modal__wrapper sdc-modal-type-custom\\"><div class=\\"sdc-custom__header sdc-modal__header\\"><div class=\\"title \\">Title</div><div class=\\"svg-icon-wrapper sdc-modal__close-button-svg sdc-modal__close-button   bottom\\"><svg></svg></div></div><div class=\\"sdc-modal__content \\">Message</div><div class=\\"sdc-modal__footer\\"><div><button class=\\"sdc-button sdc-button__primary   \\">Ok</button><button class=\\"sdc-button sdc-button__secondary   \\">Close</button></div></div></div></div><div class=\\"modal-background\\"></div></div>"`;

exports[`Modal standard modal - not displayed 1`] = `"<div></div>"`;

exports[`Modal standard modal 1`] = `"<div><div class=\\"sdc-modal sm\\"><div class=\\"sdc-modal__wrapper sdc-modal-type-info\\"><div class=\\"sdc-info__header sdc-modal__header\\"><div class=\\"svg-icon-wrapper sdc-modal__icon sdc-modal__svg-use   bottom\\"><svg></svg></div><div class=\\"title \\">Standard Modal</div><div class=\\"svg-icon-wrapper sdc-modal__close-button-svg sdc-modal__close-button   bottom\\"><svg></svg></div></div><div class=\\"sdc-modal__content \\">Message</div><div class=\\"sdc-modal__footer\\"><div><button class=\\"sdc-button sdc-button__primary   \\">Yes</button><button class=\\"sdc-button sdc-button__secondary   \\">Close</button></div></div></div></div><div class=\\"modal-background\\"></div></div>"`;
